==============================================================================
Basic Assignment                                                              
==============================================================================
Basic Assignment.Assignment 23-25                                             
==============================================================================
TC-23                                                                 Running Test 1
| PASS |
------------------------------------------------------------------------------
TC-24                                                                 Running Test 2
| PASS |
------------------------------------------------------------------------------
TC-25                                                                 Running Test 3
| PASS |
------------------------------------------------------------------------------
Basic Assignment.Assignment 23-25                                     | PASS |
3 tests, 3 passed, 0 failed
==============================================================================
Basic Assignment                                                      | PASS |
3 tests, 3 passed, 0 failed
==============================================================================
Output:  C:\Users\Panuvit Sakulpojwora\Desktop\Robot Camp\Basic_Assignment\pabot_results\13\output.xml
