==============================================================================
Basic Assignment                                                              
==============================================================================
Basic Assignment.Assignment 18                                                
==============================================================================
Suite is starting
TC-18_01                                                              Running Test 1
| PASS |
------------------------------------------------------------------------------
TC-18_02                                                              Running Test 2
| PASS |
------------------------------------------------------------------------------
TC-18_03                                                              Running Test 3
| PASS |
------------------------------------------------------------------------------
Suite is ending
Basic Assignment.Assignment 18                                        | PASS |
3 tests, 3 passed, 0 failed
==============================================================================
Basic Assignment                                                      | PASS |
3 tests, 3 passed, 0 failed
==============================================================================
Output:  C:\Users\Panuvit Sakulpojwora\Desktop\Robot Camp\Basic_Assignment\pabot_results\9\output.xml
